============================= test session starts =============================
platform win32 -- Python 3.14.0, pytest-9.0.2, pluggy-1.6.0 -- C:\Python314\python.exe
cachedir: .pytest_cache
rootdir: C:\Users\tatsu\AI\MyProjects\MyNewProject\WeeklyExcel-Report\WeeklyExcel-Report
plugins: anyio-4.12.1
collecting ... collected 1 item

python : Traceback (most recent call last):
At line:1 char:22
+ ... ONPATH="."; python -m pytest 
tests/test_report_generation.py::test_v2 ...
+                 
~~~~~~~~~~~~~~~~~~~~~~~~~~~~~~~~~~~~~~~~~~~~~~~~~~~~~~~~~
    + CategoryInfo          : NotSpecified: (Traceback (most recent cal 
   l last)::String) [], RemoteException
    + FullyQualifiedErrorId : NativeCommandError
 
  File "C:\Users\tatsu\AppData\Roaming\Python\Python314\site-packages\fa
stapi\encoders.py", line 327, in jsonable_encoder
    data = dict(obj)
TypeError: 'numpy.int64' object is not iterable

During handling of the above exception, another exception occurred:

Traceback (most recent call last):
  File "C:\Users\tatsu\AppData\Roaming\Python\Python314\site-packages\fa
stapi\encoders.py", line 332, in jsonable_encoder
    data = vars(obj)
TypeError: vars() argument must have __dict__ attribute

The above exception was the direct cause of the following exception:

Traceback (most recent call last):
  File "C:\Users\tatsu\AI\MyProjects\MyNewProject\WeeklyExcel-Report\Wee
klyExcel-Report\app\api\report.py", line 67, in generate_json_report
    return JSONResponse(content=jsonable_encoder(result))
                                ~~~~~~~~~~~~~~~~^^^^^^^^
  File "C:\Users\tatsu\AppData\Roaming\Python\Python314\site-packages\fa
stapi\encoders.py", line 288, in jsonable_encoder
    encoded_value = jsonable_encoder(
        value,
    ...<4 lines>...
        sqlalchemy_safe=sqlalchemy_safe,
    )
  File "C:\Users\tatsu\AppData\Roaming\Python\Python314\site-packages\fa
stapi\encoders.py", line 288, in jsonable_encoder
    encoded_value = jsonable_encoder(
        value,
    ...<4 lines>...
        sqlalchemy_safe=sqlalchemy_safe,
    )
  File "C:\Users\tatsu\AppData\Roaming\Python\Python314\site-packages\fa
stapi\encoders.py", line 335, in jsonable_encoder
    raise ValueError(errors) from e
ValueError: [TypeError("'numpy.int64' object is not iterable"), 
TypeError('vars() argument must have __dict__ attribute')]
tests/test_report_generation.py::test_v2_generate_json Error in generate_json_report: [TypeError("'numpy.int64' object is not iterable"), TypeError('vars() argument must have __dict__ attribute')]
FAILED

================================== FAILURES ===================================
____________________________ test_v2_generate_json ____________________________

    def test_v2_generate_json():
        # Paths for test
        sample_file = "sample_daily_work.xlsx"
        if not os.path.exists(sample_file):
            pytest.skip("sample_daily_work.xlsx not found")
    
        with open(sample_file, "rb") as f:
            files = {"file": ("sample.xlsx", f, "application/vnd.openxmlformats-officedocument.spreadsheetml.sheet")}
            data = {
                "begin_date": "2026-01-05",
                "end_date": "2026-01-11"
            }
            response = client.post("/generate", data=data, files=files)
    
>       assert response.status_code == 200
E       assert 500 == 200
E        +  where 500 = <Response [500 Internal Server Error]>.status_code

tests\test_report_generation.py:28: AssertionError
=========================== short test summary info ===========================
FAILED tests/test_report_generation.py::test_v2_generate_json - assert 500 ==...
============================== 1 failed in 1.36s ==============================
